---
source: compiler/toc_hir_lowering/tests/lowering.rs
expression: "var _ := 0 _ := 1 _ := 2 _ := 3"

---
Package@(dummy)
  Root@(dummy): FileId(1) -> ItemId(1)
    Module@(FileId(1), 0..31): "<root>"@(dummy)
      StmtBody@(FileId(1), 0..31): []
        StmtItem@(FileId(1), 0..10): ItemId(0)
          ConstVar@(FileId(1), 0..10): var "_"@(FileId(1), 4..5)
            ExprBody@(FileId(1), 9..10)
              Literal@(FileId(1), 9..10): Integer(0)
        Assign@(FileId(1), 11..17)
          Name@(FileId(1), 11..12): "_"@(FileId(1), 4..5)
          Literal@(FileId(1), 16..17): Integer(1)
        Assign@(FileId(1), 18..24)
          Name@(FileId(1), 18..19): "_"@(FileId(1), 4..5)
          Literal@(FileId(1), 23..24): Integer(2)
        Assign@(FileId(1), 25..31)
          Name@(FileId(1), 25..26): "_"@(FileId(1), 4..5)
          Literal@(FileId(1), 30..31): Integer(3)

