---
source: compiler/toc-hir-lowering/tests/lowering.rs
expression: "var _ : array 1 .. * of int := 2"
---
Package@(dummy)
  Root@(dummy): FileId(1) -> ItemId(1)
    Module@(FileId(1), 0..32): "<root>"@(dummy)
      StmtBody@(FileId(1), 0..32): []
        StmtItem@(FileId(1), 0..32): ItemId(0)
          ConstVar@(FileId(1), 0..32): var "_"@(FileId(1), 4..5)
            Array@(FileId(1), 8..27): MaybeDyn
              Constrained@(FileId(1), 14..20): end => Unsized(None)
                ExprBody@(FileId(1), 14..15)
                  Literal@(FileId(1), 14..15): Integer(1)
              Primitive@(FileId(1), 24..27): Int
            ExprBody@(FileId(1), 31..32)
              Literal@(FileId(1), 31..32): Integer(2)
error at (FileId(1), 14..20): unsized range types require an `init` initializer
| error for (FileId(1), 31..32): not an `init` expression

