---
source: compiler/toc-hir-lowering/tests/lowering.rs
expression: "var a, b : int a := b"
---
Package@(dummy)
  Root@(dummy): src/main.t -> ItemId(2)
    Module@(src/main.t:0..21): "<root>"@(dummy)
      StmtBody@(src/main.t:0..21): []
        StmtItem@(src/main.t:0..14): ItemId(0)
          ConstVar@(src/main.t:0..14): var "a"@(src/main.t:4..5)
            Primitive@(src/main.t:11..14): Int
        StmtItem@(src/main.t:0..14): ItemId(1)
          ConstVar@(src/main.t:0..14): var "b"@(src/main.t:7..8)
            Primitive@(src/main.t:11..14): Int
        Assign@(src/main.t:15..21)
          Name@(src/main.t:15..16): "a"@(src/main.t:4..5)
          Name@(src/main.t:20..21): "b"@(src/main.t:7..8)
