---
source: compiler/toc-hir-lowering/tests/lowering.rs
expression: "procedure args(a, , , , : int) end args"
---
Package@(dummy)
  Root@(dummy): src/main.t -> ItemId(1)
    Module@(src/main.t:0..39): "<root>"@(dummy)
      StmtBody@(src/main.t:0..39): []
        StmtItem@(src/main.t:0..39): ItemId(0)
          Subprogram@(src/main.t:0..39): "args"@(src/main.t:10..14) [
            "a"@(src/main.t:15..16),
            "<unnamed>"@(dummy),
            "<unnamed>"@(dummy),
            "<unnamed>"@(dummy)
          ]
            Primitive@(src/main.t:26..29): Int
            Primitive@(src/main.t:26..29): Int
            Primitive@(src/main.t:26..29): Int
            Primitive@(src/main.t:26..29): Int
            Void@(src/main.t:0..30)
            StmtBody@(src/main.t:31..31): ["a"@(src/main.t:15..16), "<unnamed>"@(dummy), "<unnamed>"@(dummy), "<unnamed>"@(dummy)]
error at src/main.t:18..19: unexpected token
| error for src/main.t:18..19: expected identifier, but found `,`
error at src/main.t:20..21: unexpected token
| error for src/main.t:20..21: expected identifier, but found `,`
error at src/main.t:22..23: unexpected token
| error for src/main.t:22..23: expected identifier, but found `,`
error at src/main.t:24..25: unexpected token
| error for src/main.t:24..25: expected identifier, but found `:`
