---
source: compiler/toc-hir-lowering/tests/lowering.rs
expression: "\n    module z\n        export all, all, all\n    end z"
---
Package@(dummy)
  Root@(dummy): src/main.t -> ItemId(1)
    Module@(src/main.t:0..52): "<root>"@(dummy)
      StmtBody@(src/main.t:5..52): []
        StmtItem@(src/main.t:5..52): ItemId(0)
          Module@(src/main.t:5..52): "z"@(src/main.t:12..13)
            StmtBody@(src/main.t:47..47): []
warn at src/main.t:34..37: export item is ignored
| warn for src/main.t:34..37: this `all` is already exported...
| note for src/main.t:29..32: by this first `all`
warn at src/main.t:39..42: export item is ignored
| warn for src/main.t:39..42: this `all` is already exported...
| note for src/main.t:29..32: by this first `all`
