---
source: compiler/toc-hir-lowering/tests/lowering.rs
expression: "\n    function no_params : int\n    end no_params"
---
Package@(dummy)
  Root@(dummy): src/main.t -> ItemId(1)
    Module@(src/main.t:0..47): "<root>"@(dummy)
      StmtBody@(src/main.t:5..47): []
        StmtItem@(src/main.t:5..47): ItemId(0)
          Subprogram@(src/main.t:5..47): "no_params"@(src/main.t:14..23)
            Primitive@(src/main.t:26..29): Int
            StmtBody@(src/main.t:34..34): []
