---
source: compiler/toc-hir-lowering/tests/lowering.rs
expression: "var _ : array char, 1 .. * of int := init(1)"
---
Package@(dummy)
  Root@(dummy): src/main.t -> ItemId(1)
    Module@(src/main.t:0..44): "<root>"@(dummy)
      StmtBody@(src/main.t:0..44): []
        StmtItem@(src/main.t:0..44): ItemId(0)
          ConstVar@(src/main.t:0..44): var "_"@(src/main.t:4..5)
            Array@(src/main.t:8..33): MaybeDyn
              Constrained@(src/main.t:20..26): end => Unsized(Some(1))
                ExprBody@(src/main.t:20..21)
                  Literal@(src/main.t:20..21): Integer(1)
              Primitive@(src/main.t:30..33): Int
            ExprBody@(src/main.t:37..44)
              InitExpr@(src/main.t:37..44)
                ExprBody@(src/main.t:42..43)
                  Literal@(src/main.t:42..43): Integer(1)
error at src/main.t:20..26: extra ranges specified
| error for src/main.t:14..18: extra ranges before
| note for src/main.t:20..26: this must be the only range present
| info: `init`-sized arrays must have this range be the only range present
