---
source: compiler/toc-hir-lowering/tests/lowering.rs
expression: "type _ : function () : int"
---
Package@(dummy)
  Root@(dummy): src/main.t -> ItemId(1)
    Module@(src/main.t:0..26): "<root>"@(dummy)
      StmtBody@(src/main.t:0..26): []
        StmtItem@(src/main.t:0..26): ItemId(0)
          Type@(src/main.t:0..26): "_"@(src/main.t:5..6)
            Function@(src/main.t:9..26): [...]
              Primitive@(src/main.t:23..26): Int
