---
source: compiler/toc-hir-lowering/tests/lowering.rs
expression: "put : 1"
---
Package@(dummy)
  Root@(dummy): src/main.t -> ItemId(0)
    Module@(src/main.t:0..7): "<root>"@(dummy)
      StmtBody@(src/main.t:0..7): []
        Put@(src/main.t:0..7): newline
          Literal@(src/main.t:6..7): Integer(1)
error at src/main.t:6..7: unexpected end of file
| error for src/main.t:6..7: expected `,` after here
