---
source: compiler/toc_hir_lowering/tests/lowering.rs
assertion_line: 59
expression: "type _ : procedure np   ()"

---
Package@(dummy)
  Root@(dummy): FileId(1) -> ItemId(1)
    Module@(FileId(1), 0..26): "<root>"@(dummy)
      StmtBody@(FileId(1), 0..26): []
        StmtItem@(FileId(1), 0..26): ItemId(0)
          Type@(FileId(1), 0..26): "_"@(FileId(1), 5..6)
            Procedure@(FileId(1), 9..26): [...]
              Void@(FileId(1), 9..26)

