---
source: compiler/toc-hir-lowering/tests/lowering.rs
expression: "\n    for woo : 1 .. 10 var k := woo end for\n    var woo := 1.0\n    "
---
Package@(dummy)
  Root@(dummy): src/main.t -> ItemId(2)
    Module@(src/main.t:0..67): "<root>"@(dummy)
      StmtBody@(src/main.t:5..62): []
        For@(src/main.t:5..43): explicit
          Literal@(src/main.t:15..16): Integer(1)
          Literal@(src/main.t:20..22): Integer(10)
          StmtItem@(src/main.t:23..35): ItemId(0)
            ConstVar@(src/main.t:23..35): var "k"@(src/main.t:27..28)
              ExprBody@(src/main.t:32..35)
                Name@(src/main.t:32..35): "woo"@(src/main.t:9..12)
        StmtItem@(src/main.t:48..62): ItemId(1)
          ConstVar@(src/main.t:48..62): var "woo"@(src/main.t:52..55)
            ExprBody@(src/main.t:59..62)
              Literal@(src/main.t:59..62): Real(1.0)
