---
source: compiler/toc-hir-lowering/tests/lowering.rs
expression: "const a := + a"
---
Package@(dummy)
  Root@(dummy): FileId(1) -> ItemId(1)
    Module@(FileId(1), 0..14): "<root>"@(dummy)
      StmtBody@(FileId(1), 0..14): []
        StmtItem@(FileId(1), 0..14): ItemId(0)
          ConstVar@(FileId(1), 0..14): const "a"@(FileId(1), 6..7)
            ExprBody@(FileId(1), 11..14)
              Unary@(FileId(1), 11..14): Identity
                Name@(FileId(1), 13..14): "a"@(FileId(1), 13..14), undeclared
error at (FileId(1), 13..14): `a` is undeclared
| error for (FileId(1), 13..14): no definitions of `a` are in scope

