---
source: compiler/toc-hir-lowering/tests/lowering.rs
expression: "\n    var nothing := 0\n    bind me to nothing"
---
Package@(dummy)
  Root@(dummy): src/main.t -> ItemId(2)
    Module@(src/main.t:0..44): "<root>"@(dummy)
      StmtBody@(src/main.t:5..44): []
        StmtItem@(src/main.t:5..21): ItemId(0)
          ConstVar@(src/main.t:5..21): var "nothing"@(src/main.t:9..16)
            ExprBody@(src/main.t:20..21)
              Literal@(src/main.t:20..21): Integer(0)
        StmtItem@(src/main.t:26..44): ItemId(1)
          Bind@(src/main.t:31..44): const "me"@(src/main.t:31..33)
            ExprBody@(src/main.t:37..44)
              Name@(src/main.t:37..44): "nothing"@(src/main.t:9..16)
error at src/main.t:26..44: cannot use `bind` here
| error for src/main.t:26..44: `bind` declaration is not allowed at module-like or program level
