---
source: compiler/toc-hir-lowering/tests/lowering.rs
expression: "\n    type a : forward\n    begin\n        type a : int\n    end\n    type use_it : a\n    "
---
Package@(dummy)
  Root@(dummy): src/main.t -> ItemId(3)
    Module@(src/main.t:0..85): "<root>"@(dummy)
      StmtBody@(src/main.t:5..80): []
        StmtItem@(src/main.t:5..21): ItemId(0)
          Type@(src/main.t:5..21): forward "a"@(src/main.t:10..11)
        Block@(src/main.t:26..60): Normal
          StmtItem@(src/main.t:40..52): ItemId(1)
            Type@(src/main.t:40..52): "a"@(src/main.t:45..46)
              Primitive@(src/main.t:49..52): Int
        StmtItem@(src/main.t:65..80): ItemId(2)
          Type@(src/main.t:65..80): "use_it"@(src/main.t:70..76)
            Alias@(src/main.t:79..80): "a"@(src/main.t:10..11)
error at src/main.t:45..46: `a` must be resolved in the same scope
| note for src/main.t:10..11: forward declaration of `a` here
| error for src/main.t:45..46: resolution of `a` is not in the same scope
