---
source: compiler/toc-hir-lowering/tests/lowering.rs
expression: "var _ := 0 _ := 1 _ := 2 _ := 3"
---
Package@(dummy)
  Root@(dummy): src/main.t -> ItemId(1)
    Module@(src/main.t:0..31): "<root>"@(dummy)
      StmtBody@(src/main.t:0..31): []
        StmtItem@(src/main.t:0..10): ItemId(0)
          ConstVar@(src/main.t:0..10): var "_"@(src/main.t:4..5)
            ExprBody@(src/main.t:9..10)
              Literal@(src/main.t:9..10): Integer(0)
        Assign@(src/main.t:11..17)
          Name@(src/main.t:11..12): "_"@(src/main.t:4..5)
          Literal@(src/main.t:16..17): Integer(1)
        Assign@(src/main.t:18..24)
          Name@(src/main.t:18..19): "_"@(src/main.t:4..5)
          Literal@(src/main.t:23..24): Integer(2)
        Assign@(src/main.t:25..31)
          Name@(src/main.t:25..26): "_"@(src/main.t:4..5)
          Literal@(src/main.t:30..31): Integer(3)
