---
source: compiler/toc-hir-lowering/tests/lowering.rs
expression: "\n    module tree\n        export a, var b, unqualified c, pervasive unqualified d, opaque e\n\n        var a, b, c, d : int\n        type e : int\n    end tree"
---
Package@(dummy)
  Root@(dummy): src/main.t -> ItemId(6)
    Module@(src/main.t:0..154): "<root>"@(dummy)
      StmtBody@(src/main.t:5..154): []
        StmtItem@(src/main.t:5..154): ItemId(5)
          Module@(src/main.t:5..154): "tree"@(src/main.t:12..16), exports [Const Qualified local("a"@(src/main.t:104..105)), Var Qualified local("b"@(src/main.t:107..108)), Const Unqualified local("c"@(src/main.t:110..111)), Const PervasiveUnqualified local("d"@(src/main.t:113..114)), Const Qualified opaque local("e"@(src/main.t:134..135))]
            StmtBody@(src/main.t:100..141): []
              StmtItem@(src/main.t:100..120): ItemId(0)
                ConstVar@(src/main.t:100..120): var "a"@(src/main.t:104..105)
                  Primitive@(src/main.t:117..120): Int
              StmtItem@(src/main.t:100..120): ItemId(1)
                ConstVar@(src/main.t:100..120): var "b"@(src/main.t:107..108)
                  Primitive@(src/main.t:117..120): Int
              StmtItem@(src/main.t:100..120): ItemId(2)
                ConstVar@(src/main.t:100..120): var "c"@(src/main.t:110..111)
                  Primitive@(src/main.t:117..120): Int
              StmtItem@(src/main.t:100..120): ItemId(3)
                ConstVar@(src/main.t:100..120): var "d"@(src/main.t:113..114)
                  Primitive@(src/main.t:117..120): Int
              StmtItem@(src/main.t:129..141): ItemId(4)
                Type@(src/main.t:129..141): "e"@(src/main.t:134..135)
                  Primitive@(src/main.t:138..141): Int
