---
source: compiler/toc_hir_lowering/tests/lowering.rs
expression: "const a := 99999999999999999999"

---
Package@(dummy)
  Root@(dummy): FileId(1) -> ItemId(1)
    Module@(FileId(1), 0..31): "<root>"@(dummy)
      StmtBody@(FileId(1), 0..31): []
        StmtItem@(FileId(1), 0..31): ItemId(0)
          ConstVar@(FileId(1), 0..31): const "a"@(FileId(1), 6..7)
            ExprBody@(FileId(1), 11..31)
              Literal@(FileId(1), 11..31): Integer(0)
error in file FileId(1) at 11..31: invalid int literal
| error in file FileId(1) for 11..31: number is too large

