---
source: compiler/toc-hir-lowering/tests/lowering.rs
expression: "1"
---
Package@(dummy)
  Root@(dummy): src/main.t -> ItemId(0)
    Module@(src/main.t:0..1): "<root>"@(dummy)
      StmtBody@(src/main.t:0..1): []
        CallStmt@(src/main.t:0..1): [no params]
          Literal@(src/main.t:0..1): Integer(1)
