---
source: compiler/toc-hir-lowering/tests/lowering.rs
expression: "procedure args(sa, : int) end args"
---
Package@(dummy)
  Root@(dummy): src/main.t -> ItemId(1)
    Module@(src/main.t:0..34): "<root>"@(dummy)
      StmtBody@(src/main.t:0..34): []
        StmtItem@(src/main.t:0..34): ItemId(0)
          Subprogram@(src/main.t:0..34): "args"@(src/main.t:10..14) ["sa"@(src/main.t:15..17)]
            Primitive@(src/main.t:21..24): Int
            Void@(src/main.t:0..25)
            StmtBody@(src/main.t:26..26): ["sa"@(src/main.t:15..17)]
error at src/main.t:19..20: unexpected token
| error for src/main.t:19..20: expected identifier, but found `:`
