---
source: compiler/toc-hir-lowering/tests/lowering.rs
expression: "type _ : unchecked pointer to"
---
Package@(dummy)
  Root@(dummy): src/main.t -> ItemId(1)
    Module@(src/main.t:0..29): "<root>"@(dummy)
      StmtBody@(src/main.t:0..29): []
        StmtItem@(src/main.t:0..29): ItemId(0)
          Type@(src/main.t:0..29): "_"@(src/main.t:5..6)
            Pointer@(src/main.t:9..29): Unchecked
error at src/main.t:27..29: unexpected end of file
| error for src/main.t:27..29: expected type specifier after here
