---
source: compiler/toc_hir_lowering/tests/lowering.rs
expression: "type : forward"
---
Package@(dummy)
  Root@(dummy): FileId(1) -> ItemId(1)
    Module@(FileId(1), 0..14): "<root>"@(dummy)
      StmtBody@(FileId(1), 0..14): []
        StmtItem@(FileId(1), 0..14): ItemId(0)
          Type@(FileId(1), 0..14): forward "<unnamed>"@(FileId(1), 0..14)
error in file FileId(1) at 5..6: unexpected token
| error in file FileId(1) for 5..6: expected identifier, but found `:`

