---
source: compiler/toc-hir-lowering/tests/lowering.rs
expression: ":= 2"
---
Package@(dummy)
  Root@(dummy): src/main.t -> ItemId(0)
    Module@(src/main.t:0..4): "<root>"@(dummy)
      StmtBody@(src/main.t:0..4): []
        CallStmt@(src/main.t:3..4): [no params]
          Literal@(src/main.t:3..4): Integer(2)
error at src/main.t:0..2: unexpected token
| error for src/main.t:0..2: expected statement, but found `:=`
