---
source: compiler/toc-hir-lowering/tests/lowering.rs
expression: "var _ := *..*"
---
Package@(dummy)
  Root@(dummy): FileId(1) -> ItemId(1)
    Module@(FileId(1), 0..13): "<root>"@(dummy)
      StmtBody@(FileId(1), 0..13): []
        StmtItem@(FileId(1), 0..10): ItemId(0)
          ConstVar@(FileId(1), 0..10): var "_"@(FileId(1), 4..5)
error at (FileId(1), 9..10): unexpected token
| error for (FileId(1), 9..10): expected expression, but found `*`
error at (FileId(1), 10..12): unexpected token
| error for (FileId(1), 10..12): expected statement, but found `..`
error at (FileId(1), 12..13): unexpected token
| error for (FileId(1), 12..13): expected statement, but found `*`

