---
source: compiler/toc-hir-lowering/tests/lowering.rs
expression: "procedure args(a, , , , b, : int) end args"
---
Package@(dummy)
  Root@(dummy): src/main.t -> ItemId(1)
    Module@(src/main.t:0..42): "<root>"@(dummy)
      StmtBody@(src/main.t:0..42): []
        StmtItem@(src/main.t:0..42): ItemId(0)
          Subprogram@(src/main.t:0..42): "args"@(src/main.t:10..14) [
            "a"@(src/main.t:15..16),
            "<unnamed>"@(dummy),
            "<unnamed>"@(dummy),
            "<unnamed>"@(dummy),
            "b"@(src/main.t:24..25)
          ]
            Primitive@(src/main.t:29..32): Int
            Primitive@(src/main.t:29..32): Int
            Primitive@(src/main.t:29..32): Int
            Primitive@(src/main.t:29..32): Int
            Primitive@(src/main.t:29..32): Int
            Void@(src/main.t:0..33)
            StmtBody@(src/main.t:34..34): ["a"@(src/main.t:15..16), "<unnamed>"@(dummy), "<unnamed>"@(dummy), "<unnamed>"@(dummy), "b"@(src/main.t:24..25)]
error at src/main.t:18..19: unexpected token
| error for src/main.t:18..19: expected identifier, but found `,`
error at src/main.t:20..21: unexpected token
| error for src/main.t:20..21: expected identifier, but found `,`
error at src/main.t:22..23: unexpected token
| error for src/main.t:22..23: expected identifier, but found `,`
error at src/main.t:27..28: unexpected token
| error for src/main.t:27..28: expected identifier, but found `:`
