---
source: compiler/toc-hir-lowering/tests/lowering.rs
expression: "type i : int proc u (j : i) end u"
---
Package@(dummy)
  Root@(dummy): src/main.t -> ItemId(2)
    Module@(src/main.t:0..33): "<root>"@(dummy)
      StmtBody@(src/main.t:0..33): []
        StmtItem@(src/main.t:0..12): ItemId(0)
          Type@(src/main.t:0..12): "i"@(src/main.t:5..6)
            Primitive@(src/main.t:9..12): Int
        StmtItem@(src/main.t:13..33): ItemId(1)
          Subprogram@(src/main.t:13..33): "u"@(src/main.t:18..19) ["j"@(src/main.t:21..22)]
            Alias@(src/main.t:25..26): "i"@(src/main.t:5..6)
            Void@(src/main.t:13..27)
            StmtBody@(src/main.t:28..28): ["j"@(src/main.t:21..22)]
