---
source: compiler/toc-hir-lowering/tests/lowering.rs
expression: process end bloop
---
Package@(dummy)
  Root@(dummy): FileId(1) -> ItemId(1)
    Module@(FileId(1), 0..17): "<root>"@(dummy)
      StmtBody@(FileId(1), 0..17): []
        StmtItem@(FileId(1), 0..17): ItemId(0)
          Subprogram@(FileId(1), 0..17): "<unnamed>"@(FileId(1), 0..17)
            Void@(FileId(1), 0..7)
            StmtBody@(FileId(1), 8..8): []
error at (FileId(1), 8..11): unexpected token
| error for (FileId(1), 8..11): expected identifier, but found `end`

