---
source: compiler/toc_hir_lowering/src/test.rs
expression: "a := \"\\b\""

---
Library@(dummy)
  Root@(dummy): FileId(1) -> ItemId(0)
    Module@(FileId(1), 0..9): "<root>"@(dummy)
      StmtBody@(FileId(1), 0..9): []
        Assign@(FileId(1), 0..9): None
          Name@(FileId(1), 0..1): "a"@(FileId(1), 0..1), undeclared
          Literal@(FileId(1), 5..9): String("\u{8}")

