---
source: compiler/toc_hir_lowering/src/test.rs
expression: get a*a

---
database:
nodes:
HirId(Idx::<HirNode>(0)) (Span { file: None, range: 4..5 }): Expr(Name(Name(UseId(DefId(0), 0))))
HirId(Idx::<HirNode>(1)) (Span { file: None, range: 6..7 }): Expr(Name(Name(UseId(DefId(0), 1))))
HirId(Idx::<HirNode>(2)) (Span { file: None, range: 4..7 }): Expr(Binary(Binary { lhs: ExprId(HirId(Idx::<HirNode>(0))), op: Spanned(Mul, Span { file: None, range: 5..6 }), rhs: ExprId(HirId(Idx::<HirNode>(1))) }))
HirId(Idx::<HirNode>(3)) (Span { file: None, range: 0..7 }): Stmt(Get(Get { stream_num: None, items: [Item(GetItem { expr: ExprId(HirId(Idx::<HirNode>(2))), width: Token })] }))

root stmts:
[StmtId(HirId(Idx::<HirNode>(3)))]
symtab:
DefId(0): (Span { file: None, range: 4..5 }, Symbol { name: "a", kind: Undeclared, is_pervasive: false, def_id: DefId(0), next_use: 2 })
UseId(DefId(0), 0): Span { file: None, range: 4..5 }
UseId(DefId(0), 1): Span { file: None, range: 6..7 }

