---
source: compiler/toc_hir_lowering/src/test.rs
expression: "a := 37#asda"

---
Library@(dummy)
  Root@(dummy): FileId(1) -> ItemId(0)
    Module@(FileId(1), 0..12): "<root>"@(dummy)
      StmtBody@(FileId(1), 0..12): []
        Assign@(FileId(1), 0..12): None
          Name@(FileId(1), 0..1): "a"@(FileId(1), 0..1), undeclared
          Literal@(FileId(1), 5..12): Integer(0)
error in file FileId(1) at 5..12: base for explicit int literal is not between 2 - 36

