---
source: compiler/toc_hir_lowering/src/test.rs
expression: "var _ : int"

---
database:
stmt:
Idx::<Stmt>(0) (Span { file: None, range: 0..11 }): ConstVar(ConstVar { is_register: false, is_const: false, names: [DefId(0)], tail: TypeSpec(Idx::<Type>(0)) })

expr:

ty:
Idx::<Type>(0) (Span { file: None, range: 8..11 }): Primitive(Int)

root stmts:
[Idx::<Stmt>(0)]
symtab:
DefId(0): (Span { file: None, range: 4..5 }, Symbol { name: "_", kind: Declared, is_pervasive: false, def_id: DefId(0), next_use: 0 })

