---
source: compiler/toc_hir_lowering/src/test.rs
expression: "put 1 :  :  : "

---
database:
nodes:
HirId(Idx::<HirNode>(0)) (Span { file: None, range: 4..5 }): Expr(Literal(Integer(1)))
HirId(Idx::<HirNode>(1)) (Span { file: None, range: 0..13 }): Stmt(Put(Put { stream_num: None, items: [Item(PutItem { expr: ExprId(HirId(Idx::<HirNode>(0))), opts: None })], append_newline: true }))

root stmts:
[StmtId(HirId(Idx::<HirNode>(1)))]
symtab:

