---
source: compiler/toc_hir_lowering/src/test.rs
expression: get

---
database:
nodes:
HirId(Idx::<HirNode>(0)) (Span { file: None, range: 0..3 }): Unit(Unit { id: UnitId(HirId(Idx::<HirNode>(0))), stmts: [], symbol_table: SymbolTable { defs: {}, def_spans: {}, use_spans: {}, next_def: 0 } })

root stmts:
[]
symtab:

