---
source: compiler/toc_hir_lowering/src/test.rs
expression: "a := a + a"

---
Library@(dummy)
  Root@(dummy): FileId(1) -> ItemId(0)
    Module@(FileId(1), 0..10): "<root>"@(dummy)
      StmtBody@(FileId(1), 0..10): []
        Assign@(FileId(1), 0..10): None
          Name@(FileId(1), 0..1): "a"@(FileId(1), 0..1), undeclared
          Binary@(FileId(1), 5..10): Add
            Name@(FileId(1), 5..6): "a"@(FileId(1), 0..1), undeclared
            Name@(FileId(1), 9..10): "a"@(FileId(1), 0..1), undeclared

