---
source: compiler/toc_hir_lowering/src/test.rs
expression: get a

---
database:
nodes:
HirId(Idx::<HirNode>(0)) (Span { file: None, range: 4..5 }): Expr(Name(Name(UseId(DefId(0), 0))))
HirId(Idx::<HirNode>(1)) (Span { file: None, range: 0..5 }): Stmt(Get(Get { stream_num: None, items: [Item(GetItem { expr: ExprId(HirId(Idx::<HirNode>(0))), width: Token })] }))
HirId(Idx::<HirNode>(2)) (Span { file: None, range: 0..5 }): Unit(Unit { id: UnitId(HirId(Idx::<HirNode>(2))), stmts: [StmtId(HirId(Idx::<HirNode>(1)))], symbol_table: SymbolTable { defs: {DefId(0): Symbol { name: "a", kind: Undeclared, is_pervasive: false, def_id: DefId(0), next_use: 1 }}, def_spans: {DefId(0): Span { file: None, range: 4..5 }}, use_spans: {UseId(DefId(0), 0): Span { file: None, range: 4..5 }}, next_def: 1 } })

root stmts:
[StmtId(HirId(Idx::<HirNode>(1)))]
symtab:
DefId(0): (Span { file: None, range: 4..5 }, Symbol { name: "a", kind: Undeclared, is_pervasive: false, def_id: DefId(0), next_use: 1 })
UseId(DefId(0), 0): Span { file: None, range: 4..5 }

