---
source: compiler/toc_hir_lowering/tests/lowering.rs
expression: "\n    case s of\n    label 1:\n        var a := a + 1\n    label 2, 3:\n        var a := a + 2\n    label 4:\n        var a := a + 3\n    label :\n        var a := a + 4\n    label 5:\n        var a := a + 5\n    label 6:\n        var a := a + 6\n    end case\n    "

---
Library@(dummy)
  Root@(dummy): FileId(1) -> ItemId(6)
    Module@(FileId(1), 0..250): "<root>"@(dummy)
      StmtBody@(FileId(1), 5..245): []
        Case@(FileId(1), 5..245)
          Name@(FileId(1), 10..11): "s"@(FileId(1), 10..11), undeclared
          Literal@(FileId(1), 25..26): Integer(1)
          StmtItem@(FileId(1), 36..50): ItemId(0)
            ConstVar@(FileId(1), 36..50): var "a"@(FileId(1), 40..41)
              ExprBody@(FileId(1), 45..50)
                Binary@(FileId(1), 45..50): Add
                  Name@(FileId(1), 45..46): "a"@(FileId(1), 45..46), undeclared
                  Literal@(FileId(1), 49..50): Integer(1)
          Literal@(FileId(1), 61..62): Integer(2)
          Literal@(FileId(1), 64..65): Integer(3)
          StmtItem@(FileId(1), 75..89): ItemId(1)
            ConstVar@(FileId(1), 75..89): var "a"@(FileId(1), 79..80)
              ExprBody@(FileId(1), 84..89)
                Binary@(FileId(1), 84..89): Add
                  Name@(FileId(1), 84..85): "a"@(FileId(1), 45..46), undeclared
                  Literal@(FileId(1), 88..89): Integer(2)
          Literal@(FileId(1), 100..101): Integer(4)
          StmtItem@(FileId(1), 111..125): ItemId(2)
            ConstVar@(FileId(1), 111..125): var "a"@(FileId(1), 115..116)
              ExprBody@(FileId(1), 120..125)
                Binary@(FileId(1), 120..125): Add
                  Name@(FileId(1), 120..121): "a"@(FileId(1), 45..46), undeclared
                  Literal@(FileId(1), 124..125): Integer(3)
          StmtItem@(FileId(1), 146..160): ItemId(3)
            ConstVar@(FileId(1), 146..160): var "a"@(FileId(1), 150..151)
              ExprBody@(FileId(1), 155..160)
                Binary@(FileId(1), 155..160): Add
                  Name@(FileId(1), 155..156): "a"@(FileId(1), 45..46), undeclared
                  Literal@(FileId(1), 159..160): Integer(4)
          Literal@(FileId(1), 171..172): Integer(5)
          StmtItem@(FileId(1), 182..196): ItemId(4)
            ConstVar@(FileId(1), 182..196): var "a"@(FileId(1), 186..187)
              ExprBody@(FileId(1), 191..196)
                Binary@(FileId(1), 191..196): Add
                  Name@(FileId(1), 191..192): "a"@(FileId(1), 45..46), undeclared
                  Literal@(FileId(1), 195..196): Integer(5)
          Literal@(FileId(1), 207..208): Integer(6)
          StmtItem@(FileId(1), 218..232): ItemId(5)
            ConstVar@(FileId(1), 218..232): var "a"@(FileId(1), 222..223)
              ExprBody@(FileId(1), 227..232)
                Binary@(FileId(1), 227..232): Add
                  Name@(FileId(1), 227..228): "a"@(FileId(1), 45..46), undeclared
                  Literal@(FileId(1), 231..232): Integer(6)
error in file FileId(1) at 10..11: `s` is undeclared
| error in file FileId(1) for 10..11: no definitions of `s` are in scope
error in file FileId(1) at 45..46: `a` is undeclared
| error in file FileId(1) for 45..46: no definitions of `a` are in scope
error in file FileId(1) at 165..232: extra `label` arms found after default arm
| error in file FileId(1) for 165..232: extra `label` arms

