---
source: compiler/toc_hir_lowering/tests/lowering.rs
expression: "a := \"\\U8O\""

---
Library@(dummy)
  Root@(dummy): FileId(1) -> ItemId(0)
    Module@(FileId(1), 0..11): "<root>"@(dummy)
      StmtBody@(FileId(1), 0..11): []
        Assign@(FileId(1), 0..11): None
          Name@(FileId(1), 0..1): "a"@(FileId(1), 0..1), undeclared
          Literal@(FileId(1), 5..11): String("\u{8}O")

