---
source: compiler/toc_hir_lowering/tests/lowering.rs
expression: "q := j begin q := k end"

---
Library@(dummy)
  Root@(dummy): FileId(1) -> ItemId(0)
    Module@(FileId(1), 0..23): "<root>"@(dummy)
      StmtBody@(FileId(1), 0..23): []
        Assign@(FileId(1), 0..6): None
          Name@(FileId(1), 0..1): "q"@(FileId(1), 0..1), undeclared
          Name@(FileId(1), 5..6): "j"@(FileId(1), 5..6), undeclared
        Block@(FileId(1), 7..23): Normal
          Assign@(FileId(1), 13..19): None
            Name@(FileId(1), 13..14): "q"@(FileId(1), 0..1), undeclared
            Name@(FileId(1), 18..19): "k"@(FileId(1), 18..19), undeclared

