---
source: compiler/toc_hir_lowering/tests/lowering.rs
expression: "\n    case s of\n    label 1:\n        var a := a + 1\n    label 2, 3:\n        var a := a + 2\n    label 4:\n        var a := a + 3\n    end case\n    "

---
Library@(dummy)
  Root@(dummy): FileId(1) -> ItemId(3)
    Module@(FileId(1), 0..143): "<root>"@(dummy)
      StmtBody@(FileId(1), 5..138): []
        Case@(FileId(1), 5..138)
          Name@(FileId(1), 10..11): "s"@(FileId(1), 10..11), undeclared
          Literal@(FileId(1), 25..26): Integer(1)
          StmtItem@(FileId(1), 36..50): ItemId(0)
            ConstVar@(FileId(1), 36..50): var "a"@(FileId(1), 40..41)
              ExprBody@(FileId(1), 45..50)
                Binary@(FileId(1), 45..50): Add
                  Name@(FileId(1), 45..46): "a"@(FileId(1), 45..46), undeclared
                  Literal@(FileId(1), 49..50): Integer(1)
          Literal@(FileId(1), 61..62): Integer(2)
          Literal@(FileId(1), 64..65): Integer(3)
          StmtItem@(FileId(1), 75..89): ItemId(1)
            ConstVar@(FileId(1), 75..89): var "a"@(FileId(1), 79..80)
              ExprBody@(FileId(1), 84..89)
                Binary@(FileId(1), 84..89): Add
                  Name@(FileId(1), 84..85): "a"@(FileId(1), 45..46), undeclared
                  Literal@(FileId(1), 88..89): Integer(2)
          Literal@(FileId(1), 100..101): Integer(4)
          StmtItem@(FileId(1), 111..125): ItemId(2)
            ConstVar@(FileId(1), 111..125): var "a"@(FileId(1), 115..116)
              ExprBody@(FileId(1), 120..125)
                Binary@(FileId(1), 120..125): Add
                  Name@(FileId(1), 120..121): "a"@(FileId(1), 45..46), undeclared
                  Literal@(FileId(1), 124..125): Integer(3)
error in file FileId(1) at 10..11: `s` is undeclared
| error in file FileId(1) for 10..11: no definitions of `s` are in scope
error in file FileId(1) at 45..46: `a` is undeclared
| error in file FileId(1) for 45..46: no definitions of `a` are in scope

