---
source: compiler/toc_hir_lowering/tests/lowering.rs
assertion_line: 59
expression: "\n    function no_params : int\n    end no_params"

---
Library@(dummy)
  Root@(dummy): FileId(1) -> ItemId(1)
    Module@(FileId(1), 0..47): "<root>"@(dummy)
      StmtBody@(FileId(1), 5..47): []
        StmtItem@(FileId(1), 5..47): ItemId(0)
          Subprogram@(FileId(1), 5..47): "no_params"@(FileId(1), 14..23)
            Primitive@(FileId(1), 26..29): Int
            StmtBody@(FileId(1), 34..34): []

