---
source: compiler/toc_analysis/src/typeck/test.rs
expression: "var i1 : int1\nvar i : int\nvar _res : boolean\n_res := i < i1\n"

---
"i1"@(FileId(1), 4..6) [Declared]: ref_mut int1
"i"@(FileId(1), 18..19) [Declared]: ref_mut int
"_res"@(FileId(1), 30..34) [Declared]: ref_mut boolean
"<root>"@(dummy) [Declared]: <error>

