---
source: compiler/toc_analysis/src/typeck/test.rs
expression: "var r : real\nvar i : int\nvar n : nat\n\nvar _v00 : real := 1\nvar _v01 : real := i\nvar _v02 : real := n\nvar _v03 : real := r\n"

---
ty_nodes:
    Idx::<Type>(0) TyRef(Real(Real))
    Idx::<Type>(1) TyRef(Int(Int))
    Idx::<Type>(2) TyRef(Nat(Nat))
    Idx::<Type>(3) TyRef(Real(Real))
    Idx::<Type>(4) TyRef(Real(Real))
    Idx::<Type>(5) TyRef(Real(Real))
    Idx::<Type>(6) TyRef(Real(Real))
def_kinds:
    DefId(0) Var(TyRef(Real(Real)))
    DefId(1) Var(TyRef(Int(Int)))
    DefId(2) Var(TyRef(Nat(Nat)))
    DefId(3) Var(TyRef(Real(Real)))
    DefId(4) Var(TyRef(Real(Real)))
    DefId(5) Var(TyRef(Real(Real)))
    DefId(6) Var(TyRef(Real(Real)))
