---
source: compiler/toc_analysis/src/typeck/test.rs
expression: "var b : boolean\nvar r : real\n\nvar _e00 : nat := b\nvar _e01 : nat := r\n"

---
ty_nodes:
    TypeId(HirId(Idx::<HirNode>(0))) TyRef(Boolean)
    TypeId(HirId(Idx::<HirNode>(2))) TyRef(Real(Real))
    TypeId(HirId(Idx::<HirNode>(4))) TyRef(Nat(Nat))
    TypeId(HirId(Idx::<HirNode>(7))) TyRef(Nat(Nat))
def_kinds:
    DefId(0) Var(TyRef(Boolean))
    DefId(1) Var(TyRef(Real(Real)))
    DefId(2) Var(TyRef(Nat(Nat)))
    DefId(3) Var(TyRef(Nat(Nat)))
error at 48..49: mismatched types
| note for 41..44: initializer's type is incompatible with this type
error at 68..69: mismatched types
| note for 61..64: initializer's type is incompatible with this type
