---
source: compiler/toc_analysis/src/typeck/test.rs
expression: "var a := b"

---
"b"@(FileId(1), 9..10) [Undeclared]: <error>
"a"@(FileId(1), 4..5) [Declared]: ref_mut <error>
"<root>"@(dummy) [Declared]: <error>

error in file FileId(1) at 9..10: `b` is not declared
| error in file FileId(1) for 9..10: not found in this scope
