---
source: compiler/toc_analysis/src/typeck/test.rs
expression: "% TODO: Uncomment enum lines once enum types are lowered & checked\nvar i : int\nvar n : nat\nvar r : real\nvar c : char\nvar cn : char(4)\nvar s : string\nvar sn : string(4)\n%type en: enum(a, b) var ef : en\n\nget i : 0\nget n : 0\nget r : 0\nget c : 0\nget cn : 0\nget s : 0\nget sn : 0\n%get ef : 0\n"

---
"i"@(FileId(1), 71..72) [Declared]: ref_mut int
"n"@(FileId(1), 83..84) [Declared]: ref_mut nat
"r"@(FileId(1), 95..96) [Declared]: ref_mut real
"c"@(FileId(1), 108..109) [Declared]: ref_mut char
"cn"@(FileId(1), 121..123) [Declared]: ref_mut char_n Fixed(Unevaluated(LibraryId(0), BodyId(0)))
"s"@(FileId(1), 138..139) [Declared]: ref_mut string
"sn"@(FileId(1), 153..155) [Declared]: ref_mut string_n Fixed(Unevaluated(LibraryId(0), BodyId(1)))
"<root>"@(dummy) [Declared]: <error>

