---
source: compiler/toc_analysis/src/typeck/test.rs
assertion_line: 42
expression: "module m\n    export opaque t, a, ~.* b\n    type t : int\n\n    var a : t\n    var b := a\n    a := 2\nend m\n\n% It's fine if `b` leaks the hidden type\nvar c : int := b\n"

---
"m"@(FileId(1), 7..8) [Declared]: <error>
"t"@(FileId(1), 48..49) [Resolved(Type)]: opaque[DefId(LibraryId(0), LocalDefId(1))] type to int
"a"@(FileId(1), 65..66) [Declared]: opaque[DefId(LibraryId(0), LocalDefId(1))] type to int
"b"@(FileId(1), 79..80) [Declared]: alias[DefId(LibraryId(0), LocalDefId(1))] of int
"t"@(FileId(1), 27..28) [ItemExport(LocalDefId(1))]: opaque[DefId(LibraryId(0), LocalDefId(1))] type to int
"a"@(FileId(1), 30..31) [ItemExport(LocalDefId(2))]: opaque[DefId(LibraryId(0), LocalDefId(1))] type to int
"b"@(FileId(1), 37..38) [ItemExport(LocalDefId(3))]: alias[DefId(LibraryId(0), LocalDefId(1))] of int
"c"@(FileId(1), 149..150) [Declared]: int
"<root>"@(dummy) [Declared]: <error>

