---
source: compiler/toc_analysis/src/typeck/test.rs
assertion_line: 41
expression: "var k : int\ncase 1 of label k + 1: end case\n"

---
"k"@(FileId(1), 4..5) [Declared]: int
"<root>"@(dummy) [Declared]: <error>

error in file FileId(1) at 28..29: reference cannot be computed at compile-time
| note in file FileId(1) for 4..5: `k` declared here
