---
source: compiler/toc_analysis/src/typeck/test.rs
expression: "var c5 : char(5)\nvar s5 : string(5)\n\nvar _e00 : char := s5\nvar _e01 : char := c5 % [not captured by ctc]\n"

---
ty_nodes:
    TypeId(HirId(Idx::<HirNode>(1))) TyRef(CharN(Fixed(5)))
    TypeId(HirId(Idx::<HirNode>(4))) TyRef(StringN(Fixed(5)))
    TypeId(HirId(Idx::<HirNode>(6))) TyRef(Char)
    TypeId(HirId(Idx::<HirNode>(9))) TyRef(Char)
def_kinds:
    DefId(0) Var(TyRef(CharN(Fixed(5))))
    DefId(1) Var(TyRef(StringN(Fixed(5))))
    DefId(2) Var(TyRef(Char))
    DefId(3) Var(TyRef(Char))
error at 56..58: mismatched types
| note for 48..52: initializer's type is incompatible with this type
error at 78..80: mismatched types
| note for 70..74: initializer's type is incompatible with this type
