---
source: compiler/toc_analysis/src/typeck/test.rs
assertion_line: 41
expression: "var s : real\nget : s, skip\n"

---
"s"@(FileId(1), 4..5) [Declared]: real
"<root>"@(dummy) [Declared]: <error>

error in file FileId(1) at 19..20: mismatched types
| note in file FileId(1) for 19..20: this is of type `real`
| info: `real` is not an integer type
