---
source: compiler/toc_analysis/src/typeck/test.rs
expression: "const j : int := 2\nconst k : int := 3\nk := j\n"

---
ty_nodes:
    TypeId(HirId(Idx::<HirNode>(0))) TyRef(Int(Int))
    TypeId(HirId(Idx::<HirNode>(3))) TyRef(Int(Int))
def_kinds:
    DefId(0) Const(TyRef(Int(Int)))
    DefId(1) Const(TyRef(Int(Int)))
error at 40..42: cannot assign into expression on left hand side
| note for 38..39: this expression cannot be used as a variable reference
