---
source: compiler/toc_analysis/src/typeck/test.rs
expression: "\n    % Sized charseqs\n    var c : char\n    var c_sz : char(6)\n    var s : string\n    var s_sz : string(6)\n\n    % should all produce booleans\n    var _v_res : boolean\n\n    _v_res := c not= c\n    _v_res := c not= c_sz\n    _v_res := c not= s\n    _v_res := c not= s_sz\n\n    _v_res := c_sz not= c\n    _v_res := c_sz not= c_sz\n    _v_res := c_sz not= s\n    _v_res := c_sz not= s_sz\n\n    _v_res := s not= c\n    _v_res := s not= c_sz\n    _v_res := s not= s\n    _v_res := s not= s_sz\n\n    _v_res := s_sz not= c\n    _v_res := s_sz not= c_sz\n    _v_res := s_sz not= s\n    _v_res := s_sz not= s_sz\n    "

---
"c"@(FileId(1), 30..31) [Declared]: ref_mut char
"c_sz"@(FileId(1), 47..51) [Declared]: ref_mut char_n Fixed(Unevaluated(LibraryId(0), BodyId(0)))
"s"@(FileId(1), 70..71) [Declared]: ref_mut string
"s_sz"@(FileId(1), 89..93) [Declared]: ref_mut string_n Fixed(Unevaluated(LibraryId(0), BodyId(1)))
"_v_res"@(FileId(1), 149..155) [Declared]: ref_mut boolean
"<root>"@(dummy) [Declared]: <error>

