---
source: compiler/toc_analysis/src/typeck/test.rs
assertion_line: 41
expression: "type a0 : string\nvar sa0 : a0\nvar s : string\n\nfor : sa0 .. sa0 end for\nfor : s .. sa0 end for\nfor : sa0 .. s end for\n"

---
"a0"@(FileId(1), 5..7) [Resolved(Type)]: alias[DefId(LibraryId(0), LocalDefId(0))] of string
"sa0"@(FileId(1), 21..24) [Declared]: ref_mut alias[DefId(LibraryId(0), LocalDefId(0))] of string
"s"@(FileId(1), 34..35) [Declared]: ref_mut string
"<root>"@(dummy) [Declared]: <error>

error in file FileId(1) at 52..62: range bounds are not index types
| note in file FileId(1) for 52..55: this is of type `string`
| note in file FileId(1) for 59..62: this is also of type `string`
| info: expected an index type (an integer, `boolean`, `char`, enumerated type, or a range)
error in file FileId(1) at 77..85: range bounds are not index types
| note in file FileId(1) for 77..78: this is of type `string`
| note in file FileId(1) for 82..85: this is also of type `string`
| info: expected an index type (an integer, `boolean`, `char`, enumerated type, or a range)
error in file FileId(1) at 100..108: range bounds are not index types
| note in file FileId(1) for 100..103: this is of type `string`
| note in file FileId(1) for 107..108: this is also of type `string`
| info: expected an index type (an integer, `boolean`, `char`, enumerated type, or a range)
