---
source: compiler/toc_analysis/src/typeck/test.rs
expression: "\n    var b : boolean\n    var r : real\n    var i : int\n    var n : nat\n    var _bi := b shl i\n    var _bn := b shl n\n    var _ib := i shl b\n    var _nb := n shl b\n    var _ri := r shl i\n    var _rn := r shl n\n    var _ir := i shl r\n    var _nr := n shl r\n"

---
ty_nodes:
    TypeId(HirId(Idx::<HirNode>(0))) TyRef(Boolean)
    TypeId(HirId(Idx::<HirNode>(2))) TyRef(Real(Real))
    TypeId(HirId(Idx::<HirNode>(4))) TyRef(Int(Int))
    TypeId(HirId(Idx::<HirNode>(6))) TyRef(Nat(Nat))
def_kinds:
    DefId(0) Var(TyRef(Boolean))
    DefId(1) Var(TyRef(Real(Real)))
    DefId(2) Var(TyRef(Int(Int)))
    DefId(3) Var(TyRef(Nat(Nat)))
    DefId(4) Var(TyRef(Error))
    DefId(5) Var(TyRef(Error))
    DefId(6) Var(TyRef(Error))
    DefId(7) Var(TyRef(Error))
    DefId(8) Var(TyRef(Error))
    DefId(9) Var(TyRef(Error))
    DefId(10) Var(TyRef(Error))
    DefId(11) Var(TyRef(Error))
error at 87..90: incompatible types for `shl`
| info: operands must both be integers
error at 110..113: incompatible types for `shl`
| info: operands must both be integers
error at 133..136: incompatible types for `shl`
| info: operands must both be integers
error at 156..159: incompatible types for `shl`
| info: operands must both be integers
error at 179..182: incompatible types for `shl`
| info: operands must both be integers
error at 202..205: incompatible types for `shl`
| info: operands must both be integers
error at 225..228: incompatible types for `shl`
| info: operands must both be integers
error at 248..251: incompatible types for `shl`
| info: operands must both be integers
