---
source: compiler/toc_analysis/src/typeck/test.rs
expression: "type b : real for _ : b end for"
---
"b"@(FileId(1), 5..6) [Type]: alias[DefId(LibraryId(0), LocalDefId(0))] of real
"_"@(FileId(1), 18..19) [ConstVar(Const, No)]: alias[DefId(LibraryId(0), LocalDefId(0))] of real
"<root>"@(dummy) [Module(No)]: <error>

error in file FileId(1) at 22..23: mismatched types
| note in file FileId(1) for 22..23: this is of type `b (alias of real)`
| error in file FileId(1) for 22..23: `real` is not an index type
| info: range bound type must be an index type (an integer, `boolean`, `char`, enumerated type, or a range)
