---
source: compiler/toc_analysis/src/typeck/test.rs
expression: "\n    % Compatibility with all variant of numbers\n    var r : real\n    var i : int\n    var n : nat\n    var _rr := r mod r\n    var _ri := r mod i\n    var _ir := i mod r\n    var _rn := r mod n\n    var _nr := n mod r\n    var _ii := i mod i\n    var _in := i mod n\n    var _ni := n mod i\n    var _nn := n mod n\n"

---
ty_nodes:
    TypeId(HirId(Idx::<HirNode>(0))) TyRef(Real(Real))
    TypeId(HirId(Idx::<HirNode>(2))) TyRef(Int(Int))
    TypeId(HirId(Idx::<HirNode>(4))) TyRef(Nat(Nat))
def_kinds:
    DefId(0) Var(TyRef(Real(Real)))
    DefId(1) Var(TyRef(Int(Int)))
    DefId(2) Var(TyRef(Nat(Nat)))
    DefId(3) Var(TyRef(Real(Real)))
    DefId(4) Var(TyRef(Real(Real)))
    DefId(5) Var(TyRef(Real(Real)))
    DefId(6) Var(TyRef(Real(Real)))
    DefId(7) Var(TyRef(Real(Real)))
    DefId(8) Var(TyRef(Int(Int)))
    DefId(9) Var(TyRef(Int(Int)))
    DefId(10) Var(TyRef(Int(Int)))
    DefId(11) Var(TyRef(Nat(Nat)))
