---
source: compiler/toc_analysis/src/typeck/test.rs
expression: "var i : int\nvar n : nat\nvar r : real\nvar c : char\nvar cn : char(4)\nvar s : string\nvar sn : string(4)\ntype en: enum(a, b) var ef : en\n\nput i : 0\nput n : 0\nput r : 0\nput c : 0\nput cn : 0\nput s : 0\nput sn : 0\nput ef : 0\n"
---
"i"@(FileId(1), 4..5) [ConstVar(Var, No)]: int
"n"@(FileId(1), 16..17) [ConstVar(Var, No)]: nat
"r"@(FileId(1), 28..29) [ConstVar(Var, No)]: real
"c"@(FileId(1), 41..42) [ConstVar(Var, No)]: char
"cn"@(FileId(1), 54..56) [ConstVar(Var, No)]: char_n Fixed(Unevaluated(LibraryId(0), BodyId(0)))
"s"@(FileId(1), 71..72) [ConstVar(Var, No)]: string
"sn"@(FileId(1), 86..88) [ConstVar(Var, No)]: string_n Fixed(Unevaluated(LibraryId(0), BodyId(1)))
"a"@(FileId(1), 115..116) [EnumVariant]: enum[DefId(LibraryId(0), LocalDefId(9))] ( "a"@(FileId(1), 115..116), "b"@(FileId(1), 118..119), )
"b"@(FileId(1), 118..119) [EnumVariant]: enum[DefId(LibraryId(0), LocalDefId(9))] ( "a"@(FileId(1), 115..116), "b"@(FileId(1), 118..119), )
"en"@(FileId(1), 110..120) [Enum]: <error>
"en"@(FileId(1), 106..108) [Type]: enum[DefId(LibraryId(0), LocalDefId(9))] ( "a"@(FileId(1), 115..116), "b"@(FileId(1), 118..119), )
"ef"@(FileId(1), 125..127) [ConstVar(Var, No)]: enum[DefId(LibraryId(0), LocalDefId(9))] ( "a"@(FileId(1), 115..116), "b"@(FileId(1), 118..119), )
"<root>"@(dummy) [Module(No)]: <error>

