---
source: compiler/toc_analysis/src/typeck/test.rs
expression: "\n    % Compatibility with all variant of integers\n    var i : int\n    var n : nat\n    var _ii := i xor i\n    var _in := i xor n\n    var _ni := n xor i\n    var _nn := n xor n\n"

---
"i"@(FileId(1), 58..59) [Declared]: ref_mut int
"n"@(FileId(1), 74..75) [Declared]: ref_mut nat
"_ii"@(FileId(1), 90..93) [Declared]: ref_mut nat
"_in"@(FileId(1), 113..116) [Declared]: ref_mut nat
"_ni"@(FileId(1), 136..139) [Declared]: ref_mut nat
"_nn"@(FileId(1), 159..162) [Declared]: ref_mut nat
"<root>"@(dummy) [Declared]: <error>

