---
source: compiler/toc_analysis/src/typeck/test.rs
expression: "const N := 255\nvar c : char\nvar c1 : char(1)\nvar c255 : char(255)\nvar s : string\nvar s1 : string(1)\nvar s255 : string(255)\n\nvar _v00 : string(N) := c\nvar _v01 : string(N) := c1\nvar _v02 : string(N) := s1\nvar _v03 : string(N) := c255\nvar _v04 : string(N) := s255\nvar _v05 : string(N) := s % runtime checked, always good\n"

---
ty_nodes:
    TypeId(HirId(Idx::<HirNode>(2))) TyRef(Char)
    TypeId(HirId(Idx::<HirNode>(5))) TyRef(CharN(Fixed(1)))
    TypeId(HirId(Idx::<HirNode>(8))) TyRef(CharN(Fixed(255)))
    TypeId(HirId(Idx::<HirNode>(10))) TyRef(String)
    TypeId(HirId(Idx::<HirNode>(13))) TyRef(StringN(Fixed(1)))
    TypeId(HirId(Idx::<HirNode>(16))) TyRef(StringN(Fixed(255)))
    TypeId(HirId(Idx::<HirNode>(19))) TyRef(StringN(Fixed(255)))
    TypeId(HirId(Idx::<HirNode>(23))) TyRef(StringN(Fixed(255)))
    TypeId(HirId(Idx::<HirNode>(27))) TyRef(StringN(Fixed(255)))
    TypeId(HirId(Idx::<HirNode>(31))) TyRef(StringN(Fixed(255)))
    TypeId(HirId(Idx::<HirNode>(35))) TyRef(StringN(Fixed(255)))
    TypeId(HirId(Idx::<HirNode>(39))) TyRef(StringN(Fixed(255)))
def_kinds:
    DefId(0) Const(TyRef(Int(Int)))
    DefId(1) Var(TyRef(Char))
    DefId(2) Var(TyRef(CharN(Fixed(1))))
    DefId(3) Var(TyRef(CharN(Fixed(255))))
    DefId(4) Var(TyRef(String))
    DefId(5) Var(TyRef(StringN(Fixed(1))))
    DefId(6) Var(TyRef(StringN(Fixed(255))))
    DefId(7) Var(TyRef(StringN(Fixed(255))))
    DefId(8) Var(TyRef(StringN(Fixed(255))))
    DefId(9) Var(TyRef(StringN(Fixed(255))))
    DefId(10) Var(TyRef(StringN(Fixed(255))))
    DefId(11) Var(TyRef(StringN(Fixed(255))))
    DefId(12) Var(TyRef(StringN(Fixed(255))))
