---
source: compiler/toc_analysis/src/typeck/test.rs
expression: "type s : set of boolean\nvar _ := s()\n"
---
"s"@(FileId(1), 9..23) [Set]: <error>
"s"@(FileId(1), 5..6) [Type]: set[DefId(LibraryId(0), LocalDefId(0))] of boolean
"_"@(FileId(1), 28..29) [ConstVar(Var, No)]: set[DefId(LibraryId(0), LocalDefId(0))] of boolean
"<root>"@(dummy) [Module(No)]: <error>

