---
source: compiler/toc_analysis/src/typeck/test.rs
expression: "% TODO: Uncomment enum lines once enum types are lowered & checked\nvar c : char\nvar cn : char(4)\nvar s : string\nvar sn : string(4)\n%type en: enum(a, b) var ef : en\n\nput c : 0 : 0 : 0\nput cn : 0 : 0 : 0\nput s : 0 : 0 : 0\nput sn : 0 : 0 : 0\n%put ef : 0 : 0 : 0\n"

---
"c"@(FileId(1), 71..72) [Declared]: ref_mut char
"cn"@(FileId(1), 84..86) [Declared]: ref_mut char_n Fixed(Unevaluated(LibraryId(0), BodyId(0)))
"s"@(FileId(1), 101..102) [Declared]: ref_mut string
"sn"@(FileId(1), 116..118) [Declared]: ref_mut string_n Fixed(Unevaluated(LibraryId(0), BodyId(1)))
"<root>"@(dummy) [Declared]: <error>

error in file FileId(1) at 177..178: invalid put option
| note in file FileId(1) for 169..170: cannot specify fraction width for `char`
| error in file FileId(1) for 177..178: this is the invalid option
| info: fraction width can only be specified for numeric put types
error in file FileId(1) at 181..182: invalid put option
| note in file FileId(1) for 169..170: cannot specify exponent width for `char`
| error in file FileId(1) for 181..182: this is the invalid option
| info: exponent width can only be specified for numeric types
error in file FileId(1) at 196..197: invalid put option
| note in file FileId(1) for 187..189: cannot specify fraction width for `char(4)`
| error in file FileId(1) for 196..197: this is the invalid option
| info: fraction width can only be specified for numeric put types
error in file FileId(1) at 200..201: invalid put option
| note in file FileId(1) for 187..189: cannot specify exponent width for `char(4)`
| error in file FileId(1) for 200..201: this is the invalid option
| info: exponent width can only be specified for numeric types
error in file FileId(1) at 214..215: invalid put option
| note in file FileId(1) for 206..207: cannot specify fraction width for `string`
| error in file FileId(1) for 214..215: this is the invalid option
| info: fraction width can only be specified for numeric put types
error in file FileId(1) at 218..219: invalid put option
| note in file FileId(1) for 206..207: cannot specify exponent width for `string`
| error in file FileId(1) for 218..219: this is the invalid option
| info: exponent width can only be specified for numeric types
error in file FileId(1) at 233..234: invalid put option
| note in file FileId(1) for 224..226: cannot specify fraction width for `string(4)`
| error in file FileId(1) for 233..234: this is the invalid option
| info: fraction width can only be specified for numeric put types
error in file FileId(1) at 237..238: invalid put option
| note in file FileId(1) for 224..226: cannot specify exponent width for `string(4)`
| error in file FileId(1) for 237..238: this is the invalid option
| info: exponent width can only be specified for numeric types
