---
source: compiler/toc_analysis/src/typeck/test.rs
expression: "\n    % Compatibility with all variant of numbers\n    var r : real\n    var i : int\n    var n : nat\n    var _rr := r ** r\n    var _ri := r ** i\n    var _ir := i ** r\n    var _rn := r ** n\n    var _nr := n ** r\n    var _ii := i ** i\n    var _in := i ** n\n    var _ni := n ** i\n    var _nn := n ** n\n"

---
"r"@(FileId(1), 57..58) [Declared]: ref_mut real
"i"@(FileId(1), 74..75) [Declared]: ref_mut int
"n"@(FileId(1), 90..91) [Declared]: ref_mut nat
"_rr"@(FileId(1), 106..109) [Declared]: ref_mut real
"_ri"@(FileId(1), 128..131) [Declared]: ref_mut real
"_ir"@(FileId(1), 150..153) [Declared]: ref_mut real
"_rn"@(FileId(1), 172..175) [Declared]: ref_mut real
"_nr"@(FileId(1), 194..197) [Declared]: ref_mut real
"_ii"@(FileId(1), 216..219) [Declared]: ref_mut int
"_in"@(FileId(1), 238..241) [Declared]: ref_mut int
"_ni"@(FileId(1), 260..263) [Declared]: ref_mut int
"_nn"@(FileId(1), 282..285) [Declared]: ref_mut nat
"<root>"@(dummy) [Declared]: <error>

