---
source: compiler/toc_analysis/src/typeck/test.rs
expression: "\n    var r : real\n    var _r := not r\n"
---
"r"@(FileId(1), 9..10) [ConstVar(Var, No)]: real
"_r"@(FileId(1), 26..28) [ConstVar(Var, No)]: <error>
"<root>"@(dummy) [Module(No)]: <error>

error in file FileId(1) at 32..35: mismatched types for logical `not`
| note in file FileId(1) for 36..37: this is of type `real`
| error in file FileId(1) for 32..35: cannot apply logical `not` to `real`
| info: operand must be an integer or boolean
