---
source: compiler/toc_analysis/src/typeck/test.rs
assertion_line: 41
expression: "const k : char := 20"

---
"k"@(FileId(1), 6..7) [Declared]: char
"<root>"@(dummy) [Declared]: <error>

error in file FileId(1) at 18..20: mismatched types
| note in file FileId(1) for 18..20: this is of type `{integer}`
| note in file FileId(1) for 10..14: this is of type `char`
| info: `{integer}` is not assignable into `char`
