---
source: compiler/toc_analysis/src/typeck/test.rs
assertion_line: 42
expression: "type kall : procedure() kall"

---
"<unnamed>"@(dummy) [Declared]: <error>
"kall"@(FileId(1), 5..9) [Resolved(Type)]: alias[DefId(LibraryId(0), LocalDefId(1))] of procedure ( ) -> void
"<root>"@(dummy) [Declared]: <error>

error in file FileId(1) at 24..28: cannot use `kall` as a statement
| error in file FileId(1) for 24..28: `kall` is not a statement
