---
source: compiler/toc_analysis/src/typeck/test.rs
expression: "const i : int := 1\nget i\n"

---
ty_nodes:
    TypeId(HirId(Idx::<HirNode>(0))) TyRef(Int(Int))
def_kinds:
    DefId(0) Const(TyRef(Int(Int)))
error at 23..24: cannot assign into get item expression
| note for 23..24: this expression cannot be used as a variable reference
