---
source: compiler/toc_analysis/src/typeck/test.rs
expression: "var b : boolean\n\nvar _e00 : real := b\n"

---
"b"@(FileId(1), 4..5) [Declared]: ref_mut boolean
"_e00"@(FileId(1), 21..25) [Declared]: ref_mut real
"<root>"@(dummy) [Declared]: <error>

error in file FileId(1) at 36..37: mismatched types
| error in file FileId(1) for 36..37: the type of this expression...
| note in file FileId(1) for 28..32: is incompatible with this type
