---
source: compiler/toc-analysis/src/typeck/test.rs
expression: "module b end b /**/ for : b end for"
---
"b"@"src/main.t:7..8" [Module(No)]: <error>
"<root>"@"<unknown>:0..0" [Module(No)]: <error>

error at src/main.t:26..27: cannot use `b` as a `for` bound
| error for src/main.t:26..27: `b` is a reference to a module, not a type
| note for src/main.t:7..8: `b` declared here
