---
source: compiler/toc-analysis/src/typeck/test.rs
expression: "var tree : string\nprocedure boop(a, b : int, var c : int) end boop\nboop(1, 2, tree)\n"
---
"tree"@(FileId(1), 4..8) [ConstVar(Var, No)]: string
"boop"@(FileId(1), 28..32) [Subprogram(Procedure)]: procedure ( pass(value) int, pass(value) int, pass(var ref) int, ) -> void
"a"@(FileId(1), 33..34) [Param(Value, No)]: int
"b"@(FileId(1), 36..37) [Param(Value, No)]: int
"c"@(FileId(1), 49..50) [Param(Reference(Var), No)]: int
"<unnamed>"@(dummy) [Undeclared]: <error>
"<root>"@(dummy) [Module(No)]: <error>

error at (FileId(1), 78..82): mismatched types
| note for (FileId(1), 78..82): this is of type `string`
| note for (FileId(1), 78..82): parameter expects type `int`
| info: `string` is not equivalent to `int`
