---
source: compiler/toc-analysis/src/typeck/test.rs
expression: "var a : array 1..2, 'c'..'d' of int\nvar _ : int := a(1, 'c')"
---
"a"@"src/main.t:4..5" [ConstVar(Var, No)]: array ( range of `int` (Unevaluated(PackageId(0), BodyId(0)) .. Expr(Unevaluated(PackageId(0), BodyId(1)), Yes)), range of `char` (Unevaluated(PackageId(0), BodyId(2)) .. Expr(Unevaluated(PackageId(0), BodyId(3)), Yes)), ) of int
"_"@"src/main.t:40..41" [ConstVar(Var, No)]: int
"<root>"@"<unknown>:0..0" [Module(No)]: <error>
