---
source: compiler/toc-analysis/src/typeck/test.rs
expression: "module m\n    export opaque t, var a, b\n    type t : int\n\n    var a : t\n    m.a := 2\n    var b := m.a\nend m\n\n% It's fine if `b` leaks the hidden type\nvar c : int := m.b\n"
---
"m"@"src/main.t:7..8" [Module(No)]: <error>
"t"@"src/main.t:48..49" [Type]: opaque[DefId(PackageId(3072), LocalDefId(1))] type to int
"a"@"src/main.t:65..66" [ConstVar(Var, No)]: opaque[DefId(PackageId(3072), LocalDefId(1))] type to int
"b"@"src/main.t:92..93" [ConstVar(Var, No)]: alias[DefId(PackageId(3072), LocalDefId(1))] of int
"c"@"src/main.t:153..154" [ConstVar(Var, No)]: int
"t"@"src/main.t:27..28" [Export]: opaque[DefId(PackageId(3072), LocalDefId(1))] type to int
"a"@"src/main.t:34..35" [Export]: opaque[DefId(PackageId(3072), LocalDefId(1))] type to int
"b"@"src/main.t:37..38" [Export]: alias[DefId(PackageId(3072), LocalDefId(1))] of int
"<root>"@"<unknown>:0..0" [Module(No)]: <error>
