---
source: compiler/toc-analysis/src/typeck/test.rs
expression: "procedure boop(a, b, c : int) end boop\nboop(1, 2, 3, 4)\nboop(1, 2, 3, 4, 5)\n"
---
"boop"@"src/main.t:10..14" [Subprogram(Procedure)]: procedure ( pass(value) int, pass(value) int, pass(value) int, ) -> void
"a"@"src/main.t:15..16" [Param(Value, No)]: int
"b"@"src/main.t:18..19" [Param(Value, No)]: int
"c"@"src/main.t:21..22" [Param(Value, No)]: int
"<unnamed>"@"<unknown>:0..0" [Undeclared]: <error>
"<root>"@"<unknown>:0..0" [Module(No)]: <error>

error at src/main.t:39..43: expected 3 arguments, found 4
| error for src/main.t:39..43: call has 1 extra argument
error at src/main.t:56..60: expected 3 arguments, found 5
| error for src/main.t:56..60: call has 2 extra arguments
