---
source: compiler/toc-analysis/src/typeck/test.rs
expression: "\n    % Sized charseqs\n    var c : char\n    var c_sz : char(6)\n    var s : string\n    var s_sz : string(6)\n\n    % should all produce booleans\n    var _v_res : boolean\n\n    _v_res := c not= c\n    _v_res := c not= c_sz\n    _v_res := c not= s\n    _v_res := c not= s_sz\n\n    _v_res := c_sz not= c\n    _v_res := c_sz not= c_sz\n    _v_res := c_sz not= s\n    _v_res := c_sz not= s_sz\n\n    _v_res := s not= c\n    _v_res := s not= c_sz\n    _v_res := s not= s\n    _v_res := s not= s_sz\n\n    _v_res := s_sz not= c\n    _v_res := s_sz not= c_sz\n    _v_res := s_sz not= s\n    _v_res := s_sz not= s_sz\n    "
---
"c"@"src/main.t:30..31" [ConstVar(Var, No)]: char
"c_sz"@"src/main.t:47..51" [ConstVar(Var, No)]: char_n Fixed(Unevaluated(PackageId(0), BodyId(0)))
"s"@"src/main.t:70..71" [ConstVar(Var, No)]: string
"s_sz"@"src/main.t:89..93" [ConstVar(Var, No)]: string_n Fixed(Unevaluated(PackageId(0), BodyId(1)))
"_v_res"@"src/main.t:149..155" [ConstVar(Var, No)]: boolean
"<root>"@"<unknown>:0..0" [Module(No)]: <error>
