---
source: compiler/toc-analysis/src/typeck/test.rs
expression: "\n    type ts : set of boolean\n    var s : ts\n\n    % should all produce booleans\n    var _v_res : boolean\n\n    % not a set\n    _v_res := true in true\n    % incompatible element types\n    _v_res := 1 in s\n    "
---
"ts"@(FileId(1), 10..12) [Type]: set[DefId(PackageId(0), LocalDefId(1))] of boolean
"ts"@(FileId(1), 15..29) [Set]: <error>
"s"@(FileId(1), 38..39) [ConstVar(Var, No)]: set[DefId(PackageId(0), LocalDefId(1))] of boolean
"_v_res"@(FileId(1), 88..94) [ConstVar(Var, No)]: boolean
"<root>"@(dummy) [Module(No)]: <error>

error at (FileId(1), 141..143): mismatched types for `in`
| note for (FileId(1), 144..148): this is of type `boolean`
| error for (FileId(1), 144..148): `boolean` is not a set type
| info: operand must be a set
error at (FileId(1), 198..200): mismatched types for `in`
| note for (FileId(1), 201..202): this is of type `set ts (of boolean)`
| note for (FileId(1), 196..197): this is of type `{integer}`
| error for (FileId(1), 201..202): `{integer}` is not the same as `boolean`
| info: operand and element type must be the same
