---
source: compiler/toc-analysis/src/typeck/test.rs
expression: "var e : real\nput 1 : 0 : 0 : e\n"
---
"e"@(FileId(1), 4..5) [ConstVar(Var, No)]: real
"<root>"@(dummy) [Module(No)]: <error>

error at (FileId(1), 29..30): mismatched types
| note for (FileId(1), 29..30): this is of type `real`
| info: `real` is not an integer type
