---
source: compiler/toc_analysis/src/typeck/test.rs
expression: "fcn oeuf : int return end oeuf"
---
"oeuf"@(FileId(1), 4..8) [Subprogram(Function)]: function -> int
"<root>"@(dummy) [Module(No)]: <error>

error in file FileId(1) at 15..21: cannot use `return` here
| error in file FileId(1) for 15..21: `result` statement is used to return values in function bodies
