---
source: compiler/toc_analysis/src/typeck/test.rs
expression: "% FIXME: Add corresponding test for range types\ntype r : char\ntype e : enum(v)\ntype _a : set of r\ntype _b : set of boolean\ntype _c : set of char\ntype _d : set of e\n"
---
"r"@(FileId(1), 53..54) [Type]: alias[DefId(LibraryId(0), LocalDefId(0))] of char
"e"@(FileId(1), 67..68) [Type]: enum[DefId(LibraryId(0), LocalDefId(2))] ( "v"@(FileId(1), 76..77), )
"e"@(FileId(1), 71..78) [Enum]: <error>
"v"@(FileId(1), 76..77) [EnumVariant]: enum[DefId(LibraryId(0), LocalDefId(2))] ( "v"@(FileId(1), 76..77), )
"_a"@(FileId(1), 84..86) [Type]: set[DefId(LibraryId(0), LocalDefId(5))] of alias[DefId(LibraryId(0), LocalDefId(0))] of char
"_a"@(FileId(1), 89..97) [Set]: <error>
"_b"@(FileId(1), 103..105) [Type]: set[DefId(LibraryId(0), LocalDefId(7))] of boolean
"_b"@(FileId(1), 108..122) [Set]: <error>
"_c"@(FileId(1), 128..130) [Type]: set[DefId(LibraryId(0), LocalDefId(9))] of char
"_c"@(FileId(1), 133..144) [Set]: <error>
"_d"@(FileId(1), 150..152) [Type]: set[DefId(LibraryId(0), LocalDefId(11))] of enum[DefId(LibraryId(0), LocalDefId(2))] ( "v"@(FileId(1), 76..77), )
"_d"@(FileId(1), 155..163) [Set]: <error>
"<root>"@(dummy) [Module(No)]: <error>

