---
source: compiler/toc-analysis/src/typeck/test.rs
expression: "type a : int\ntype b : a\ntype c : a"
---
"a"@"src/main.t:5..6" [Type]: alias[DefId(PackageId(3072), LocalDefId(0))] of int
"b"@"src/main.t:18..19" [Type]: alias[DefId(PackageId(3072), LocalDefId(1))] of int
"c"@"src/main.t:29..30" [Type]: alias[DefId(PackageId(3072), LocalDefId(2))] of int
"<root>"@"<unknown>:0..0" [Module(No)]: <error>
