---
source: compiler/toc_analysis/src/typeck/test.rs
expression: "type b : boolean for _ : b end for"
---
"b"@(FileId(1), 5..6) [Type]: alias[DefId(PackageId(0), LocalDefId(0))] of boolean
"_"@(FileId(1), 21..22) [ConstVar(Const, No)]: alias[DefId(PackageId(0), LocalDefId(0))] of boolean
"<root>"@(dummy) [Module(No)]: <error>

