---
source: compiler/toc-analysis/src/typeck/test.rs
expression: "type _ : char(0)"
---
"_"@"src/main.t:5..6" [Type]: alias[DefId(PackageId(0), LocalDefId(0))] of char_n Fixed(Unevaluated(PackageId(0), BodyId(0)))
"<root>"@"<unknown>:0..0" [Module(No)]: <error>

error at src/main.t:14..15: invalid character count size
| error for src/main.t:14..15: computed count is 0
| info: valid sizes are between 1 to 32767
