---
source: compiler/toc-analysis/src/typeck/test.rs
expression: "\n    % Pointers\n    var b : ^int\n\n    % should all produce boolean\n    var _v_res : boolean\n\n    _v_res := b not= b\n    "
---
"b"@"src/main.t:24..25" [ConstVar(Var, No)]: pointer to int
"_v_res"@"src/main.t:75..81" [ConstVar(Var, No)]: boolean
"<root>"@"<unknown>:0..0" [Module(No)]: <error>
