---
source: compiler/toc_analysis/src/typeck/test.rs
expression: "var _ : enum(nice)"
---
"_"@(FileId(1), 4..5) [ConstVar(Var, No)]: enum[DefId(PackageId(0), LocalDefId(1))] ( "nice"@(FileId(1), 13..17), )
"<anonymous>"@(FileId(1), 8..18) [Enum]: <error>
"nice"@(FileId(1), 13..17) [EnumVariant]: enum[DefId(PackageId(0), LocalDefId(1))] ( "nice"@(FileId(1), 13..17), )
"<root>"@(dummy) [Module(No)]: <error>

