---
source: compiler/toc_analysis/src/typeck/test.rs
expression: "var cmx : char(256)\n\nvar _e00 : string := cmx % [not captured by ctc]\n"
---
"cmx"@(FileId(1), 4..7) [ConstVar(Var, No)]: char_n Fixed(Unevaluated(LibraryId(0), BodyId(0)))
"_e00"@(FileId(1), 25..29) [ConstVar(Var, No)]: string
"<root>"@(dummy) [Module(No)]: <error>

error in file FileId(1) at 42..45: mismatched types
| note in file FileId(1) for 42..45: this is of type `char(256)`
| note in file FileId(1) for 32..38: this is of type `string`
| info: `char(256)` is not assignable into `string`
