---
source: compiler/toc-analysis/src/typeck/test.rs
expression: "type tyres : string\nfunction own(me : nat, pie : real) sammy : tyres\nend own"
---
"tyres"@"src/main.t:5..10" [Type]: alias[DefId(PackageId(3072), LocalDefId(0))] of string
"own"@"src/main.t:29..32" [Subprogram(Function)]: function ( pass(value) nat, pass(value) real, ) -> alias[DefId(PackageId(3072), LocalDefId(0))] of string
"me"@"src/main.t:33..35" [Param(Value, No)]: nat
"pie"@"src/main.t:43..46" [Param(Value, No)]: real
"sammy"@"src/main.t:55..60" [Param(Value, No)]: alias[DefId(PackageId(3072), LocalDefId(0))] of string
"<unnamed>"@"<unknown>:0..0" [Undeclared]: <error>
"<root>"@"<unknown>:0..0" [Module(No)]: <error>
