---
source: compiler/toc-analysis/src/typeck/test.rs
expression: "var i : int\nvar n : nat\nvar r : real\nvar c : char\nvar b: boolean\ntype en: enum(a, b) var ef : en\n\nget i : 0\nget n : 0\nget r : 0\nget c : 0\nget b : 0\nget ef : 0\n"
---
"i"@"src/main.t:4..5" [ConstVar(Var, No)]: int
"n"@"src/main.t:16..17" [ConstVar(Var, No)]: nat
"r"@"src/main.t:28..29" [ConstVar(Var, No)]: real
"c"@"src/main.t:41..42" [ConstVar(Var, No)]: char
"b"@"src/main.t:54..55" [ConstVar(Var, No)]: boolean
"en"@"src/main.t:70..72" [Type]: enum[DefId(PackageId(0), LocalDefId(6))] ( "a"@SpanId(9), "b"@SpanId(10), )
"en"@"src/main.t:74..84" [Enum]: <error>
"a"@"src/main.t:79..80" [EnumVariant]: enum[DefId(PackageId(0), LocalDefId(6))] ( "a"@SpanId(9), "b"@SpanId(10), )
"b"@"src/main.t:82..83" [EnumVariant]: enum[DefId(PackageId(0), LocalDefId(6))] ( "a"@SpanId(9), "b"@SpanId(10), )
"ef"@"src/main.t:89..91" [ConstVar(Var, No)]: enum[DefId(PackageId(0), LocalDefId(6))] ( "a"@SpanId(9), "b"@SpanId(10), )
"<root>"@"<unknown>:0..0" [Module(No)]: <error>

error at src/main.t:106..107: invalid get option
| note for src/main.t:102..103: cannot specify character width for `int`
| error for src/main.t:106..107: this is the invalid option
| info: character width can only be specified for `string` and `char(N)` types
error at src/main.t:116..117: invalid get option
| note for src/main.t:112..113: cannot specify character width for `nat`
| error for src/main.t:116..117: this is the invalid option
| info: character width can only be specified for `string` and `char(N)` types
error at src/main.t:126..127: invalid get option
| note for src/main.t:122..123: cannot specify character width for `real`
| error for src/main.t:126..127: this is the invalid option
| info: character width can only be specified for `string` and `char(N)` types
error at src/main.t:136..137: invalid get option
| note for src/main.t:132..133: cannot specify character width for `char`
| error for src/main.t:136..137: this is the invalid option
| info: character width can only be specified for `string` and `char(N)` types
error at src/main.t:146..147: invalid get option
| note for src/main.t:142..143: cannot specify character width for `boolean`
| error for src/main.t:146..147: this is the invalid option
| info: character width can only be specified for `string` and `char(N)` types
error at src/main.t:157..158: invalid get option
| note for src/main.t:152..154: cannot specify character width for `enum en`
| error for src/main.t:157..158: this is the invalid option
| info: character width can only be specified for `string` and `char(N)` types
