---
source: compiler/toc-analysis/src/typeck/test.rs
expression: "type fowo : forward\ntype a : fowo"
---
"fowo"@"src/main.t:5..9" [Type]: alias[DefId(PackageId(0), LocalDefId(0))] of forward
"a"@"src/main.t:25..26" [Type]: <error>
"<root>"@"<unknown>:0..0" [Module(No)]: <error>

error at src/main.t:29..33: `fowo` has not been resolved at this point
| error for src/main.t:29..33: `fowo` is required to be resolved at this point
