---
source: compiler/toc-analysis/src/typeck/test.rs
expression: "type s : set of boolean\nvar b : boolean\nvar _ := s(b, b, b, b, all)\n"
---
"s"@(FileId(1), 5..6) [Type]: set[DefId(PackageId(0), LocalDefId(1))] of boolean
"s"@(FileId(1), 9..23) [Set]: <error>
"b"@(FileId(1), 28..29) [ConstVar(Var, No)]: boolean
"_"@(FileId(1), 44..45) [ConstVar(Var, No)]: set[DefId(PackageId(0), LocalDefId(1))] of boolean
"<root>"@(dummy) [Module(No)]: <error>

error at (FileId(1), 49..50): constructor call has extra arguments
| error for (FileId(1), 49..50): call has extra arguments
| note for (FileId(1), 63..66): this `all` also covers the rest of the arguments
