---
source: compiler/toc-analysis/src/typeck/test.rs
expression: "var N : int var _ : char(N)"
---
"N"@(FileId(1), 4..5) [ConstVar(Var, No)]: int
"_"@(FileId(1), 16..17) [ConstVar(Var, No)]: char_n Fixed(Unevaluated(PackageId(0), BodyId(0)))
"<root>"@(dummy) [Module(No)]: <error>

error at (FileId(1), 20..27): unsupported type
| error for (FileId(1), 20..27): dynamically sized `char(N)` isn't supported yet
