---
source: compiler/toc-analysis/src/typeck/test.rs
expression: "procedure p(var a : string(*)) end p\nvar c : char\np(c)\n"
---
"p"@"src/main.t:10..11" [Subprogram(Procedure)]: procedure ( pass(var ref) string_n Any, ) -> void
"a"@"src/main.t:16..17" [Param(Reference(Var), No)]: string_n Any
"c"@"src/main.t:41..42" [ConstVar(Var, No)]: char
"<unnamed>"@"<unknown>:0..0" [Undeclared]: <error>
"<root>"@"<unknown>:0..0" [Module(No)]: <error>

error at src/main.t:52..53: mismatched types
| note for src/main.t:52..53: this is of type `char`
| note for src/main.t:52..53: parameter expects type `string(*)`
| info: `char` is not equivalent to `string(*)`
