---
source: compiler/toc-analysis/src/typeck/test.rs
expression: "type s : set of boolean\nvar _ := s(*, all, b .. * - b)\n"
---
"s"@"src/main.t:5..6" [Type]: set[DefId(PackageId(3072), LocalDefId(1))] of boolean
"s"@"src/main.t:9..23" [Set]: <error>
"_"@"src/main.t:28..29" [ConstVar(Var, No)]: set[DefId(PackageId(3072), LocalDefId(1))] of boolean
"<root>"@"<unknown>:0..0" [Module(No)]: <error>

error at src/main.t:33..34: constructor call has extra arguments
| error for src/main.t:33..34: call has extra arguments
| note for src/main.t:38..41: this `all` also covers the rest of the arguments
error at src/main.t:35..36: cannot use range expression here
| error for src/main.t:35..36: range expressions aren't supported in set constructors
error at src/main.t:43..53: cannot use range expression here
| error for src/main.t:43..53: range expressions aren't supported in set constructors
