---
source: compiler/toc-analysis/src/typeck/test.rs
expression: "\n    type t : boolean\n\n    % Type operand prevents checking of type compatibility\n    var _t := not t\n    "
---
"t"@(FileId(1), 10..11) [Type]: alias[DefId(PackageId(0), LocalDefId(0))] of boolean
"_t"@(FileId(1), 90..92) [ConstVar(Var, No)]: boolean
"<root>"@(dummy) [Module(No)]: <error>

error at (FileId(1), 100..101): cannot use `t` as an expression
| error for (FileId(1), 100..101): `t` is a reference to a type, not a variable
| note for (FileId(1), 10..11): `t` declared here
