---
source: compiler/toc-analysis/src/typeck/test.rs
expression: "type _ : flexible array 1..-1 of int"
---
"_"@"src/main.t:5..6" [Type]: alias[DefId(PackageId(3072), LocalDefId(0))] of flexible array ( range of `int` (Unevaluated(PackageId(3072), BodyId(0)) .. Expr(Unevaluated(PackageId(3072), BodyId(1)), No)), ) of int
"<root>"@"<unknown>:0..0" [Module(No)]: <error>

error at src/main.t:24..29: element range is too small
| note for src/main.t:24..29: computed range size is -1
| error for src/main.t:24..29: negative sized ranges cannot be used in `array` types
