---
source: compiler/toc-analysis/src/typeck/test.rs
expression: "var *_ : boolean\n\nmodule m\n    export opaque s, var a\n    type s : set of boolean\n    var a := s(true)\n    _ := true in a\nend m\n\n% should fail\nvar vs := m.s(false)\n_ := false in m.a\n"
---
"_"@(FileId(1), 5..6) [ConstVar(Var, No)]: boolean
"m"@(FileId(1), 25..26) [Module(No)]: <error>
"s"@(FileId(1), 63..64) [Type]: opaque[DefId(PackageId(0), LocalDefId(2))] type to set[DefId(PackageId(0), LocalDefId(3))] of boolean
"s"@(FileId(1), 67..81) [Set]: <error>
"a"@(FileId(1), 90..91) [ConstVar(Var, No)]: opaque[DefId(PackageId(0), LocalDefId(2))] type to set[DefId(PackageId(0), LocalDefId(3))] of boolean
"vs"@(FileId(1), 147..149) [ConstVar(Var, No)]: <error>
"s"@(FileId(1), 45..46) [Export]: opaque[DefId(PackageId(0), LocalDefId(2))] type to set[DefId(PackageId(0), LocalDefId(3))] of boolean
"a"@(FileId(1), 52..53) [Export]: opaque[DefId(PackageId(0), LocalDefId(2))] type to set[DefId(PackageId(0), LocalDefId(3))] of boolean
"<root>"@(dummy) [Module(No)]: <error>

error at (FileId(1), 153..156): cannot call or subscript `s`
| note for (FileId(1), 153..156): this is of type `s (an opaque type)`
| error for (FileId(1), 153..156): `s (an opaque type)` is not callable
error at (FileId(1), 175..177): mismatched types for `in`
| note for (FileId(1), 178..181): this is of type `s (an opaque type)`
| error for (FileId(1), 178..181): `s (an opaque type)` is not a set type
| info: operand must be a set
