---
source: compiler/toc-analysis/src/typeck/test.rs
expression: "type p : procedure\nvar i : p\nget i\n"
---
"p"@"src/main.t:5..6" [Type]: alias[DefId(PackageId(3072), LocalDefId(0))] of procedure -> void
"i"@"src/main.t:23..24" [ConstVar(Var, No)]: alias[DefId(PackageId(3072), LocalDefId(0))] of procedure -> void
"<root>"@"<unknown>:0..0" [Module(No)]: <error>

error at src/main.t:33..34: invalid get type
| error for src/main.t:33..34: cannot get a value of `p (alias of procedure)`
