---
source: compiler/toc-analysis/src/typeck/test.rs
expression: "var r : real\nvar i : int\nvar n : nat\n\nvar _v00 : real := 1\nvar _v01 : real := i\nvar _v02 : real := n\nvar _v03 : real := r\n"
---
"r"@"src/main.t:4..5" [ConstVar(Var, No)]: real
"i"@"src/main.t:17..18" [ConstVar(Var, No)]: int
"n"@"src/main.t:29..30" [ConstVar(Var, No)]: nat
"_v00"@"src/main.t:42..46" [ConstVar(Var, No)]: real
"_v01"@"src/main.t:63..67" [ConstVar(Var, No)]: real
"_v02"@"src/main.t:84..88" [ConstVar(Var, No)]: real
"_v03"@"src/main.t:105..109" [ConstVar(Var, No)]: real
"<root>"@"<unknown>:0..0" [Module(No)]: <error>
