---
source: compiler/toc_analysis/src/typeck/test.rs
expression: "type i : int\nvar a : array 1..2 of int\nvar _ : int := a(i)"
---
"i"@(FileId(1), 5..6) [Type]: alias[DefId(PackageId(0), LocalDefId(0))] of int
"a"@(FileId(1), 17..18) [ConstVar(Var, No)]: array ( range of `int` (Unevaluated(PackageId(0), BodyId(0)) .. Expr(Unevaluated(PackageId(0), BodyId(1)), Yes)), ) of int
"_"@(FileId(1), 43..44) [ConstVar(Var, No)]: int
"<root>"@(dummy) [Module(No)]: <error>

error in file FileId(1) at 56..57: cannot pass `i` to this parameter
| error in file FileId(1) for 56..57: `i` is a reference to a type, not a variable
| note in file FileId(1) for 5..6: `i` declared here
