---
source: compiler/toc_analysis/src/typeck/test.rs
expression: "var _ : flexible array 1..1 of int"
---
"_"@(FileId(1), 4..5) [ConstVar(Var, No)]: flexible array ( range of `int` (Unevaluated(PackageId(0), BodyId(0)) .. Expr(Unevaluated(PackageId(0), BodyId(1)), Yes)), ) of int
"<root>"@(dummy) [Module(No)]: <error>

