---
source: compiler/toc-analysis/src/typeck/test.rs
expression: "case 1.0 of label 1.0: end case\ncase 'aa' of label 'aa': end case\n"
---
"<root>"@(dummy) [Module(No)]: <error>

error at (FileId(1), 5..8): mismatched types
| error for (FileId(1), 5..8): `real` cannot be used as a case discriminant
| info: `case` discriminant must be either an index type (an integer, `boolean`, `char`, enumerated type, or a range), or a `string`
error at (FileId(1), 37..41): mismatched types
| error for (FileId(1), 37..41): `char(2)` cannot be used as a case discriminant
| info: `case` discriminant must be either an index type (an integer, `boolean`, `char`, enumerated type, or a range), or a `string`
