---
source: compiler/toc-analysis/src/typeck/test.rs
expression: "type kall : procedure() kall"
---
"kall"@"src/main.t:5..9" [Type]: alias[DefId(PackageId(0), LocalDefId(0))] of procedure ( ) -> void
"<unnamed>"@"<unknown>:0..0" [Undeclared]: <error>
"<root>"@"<unknown>:0..0" [Module(No)]: <error>

error at src/main.t:24..28: cannot use `kall` as a statement
| error for src/main.t:24..28: `kall` is not a statement
