---
source: compiler/toc-analysis/src/typeck/test.rs
expression: "type k : real process a : k end a"
---
"k"@"src/main.t:5..6" [Type]: alias[DefId(PackageId(3072), LocalDefId(0))] of real
"a"@"src/main.t:22..23" [Subprogram(Process)]: process -> void
"<root>"@"<unknown>:0..0" [Module(No)]: <error>

error at src/main.t:26..27: cannot use `k` as an expression
| error for src/main.t:26..27: `k` is a reference to a type, not a variable
| note for src/main.t:5..6: `k` declared here
