---
source: compiler/toc_analysis/src/typeck/test.rs
expression: "type ptr : ^int\n^ptr\n"
---
"ptr"@(FileId(1), 5..8) [Type]: alias[DefId(PackageId(0), LocalDefId(0))] of pointer to int
"<root>"@(dummy) [Module(No)]: <error>

error in file FileId(1) at 16..20: cannot use expression as a statement
| error in file FileId(1) for 16..20: expression is not a statement
error in file FileId(1) at 17..20: cannot use `ptr` as an expression
| error in file FileId(1) for 17..20: `ptr` is a reference to a type, not a variable
| note in file FileId(1) for 5..8: `ptr` declared here
