---
source: compiler/toc_analysis/src/typeck/test.rs
expression: "\n    % Compatibility with all variant of integers\n    var i : int\n    var n : nat\n    var _ii := i or i\n    var _in := i or n\n    var _ni := n or i\n    var _nn := n or n\n"
---
"i"@(FileId(1), 58..59) [ConstVar(Var, No)]: int
"n"@(FileId(1), 74..75) [ConstVar(Var, No)]: nat
"_ii"@(FileId(1), 90..93) [ConstVar(Var, No)]: nat
"_in"@(FileId(1), 112..115) [ConstVar(Var, No)]: nat
"_ni"@(FileId(1), 134..137) [ConstVar(Var, No)]: nat
"_nn"@(FileId(1), 156..159) [ConstVar(Var, No)]: nat
"<root>"@(dummy) [Module(No)]: <error>

